// Jest Snapshot v1, https://goo.gl/fbAQLP

exports[`The Search Input renders correctly 1`] = `
<View
  style={
    Object {
      "alignItems": "center",
      "borderColor": "black",
      "borderRadius": 8,
      "borderWidth": 1,
      "flexDirection": "row",
      "height": 40,
      "marginTop": 20,
      "paddingHorizontal": 15,
    }
  }
>
  <Text
    allowFontScaling={false}
    style={
      Array [
        Object {
          "color": undefined,
          "fontSize": 25,
        },
        undefined,
        Object {
          "fontFamily": "Material Icons",
          "fontStyle": "normal",
          "fontWeight": "normal",
        },
        Object {},
      ]
    }
    testID="search-icon"
  >
    î¢¶
  </Text>
  <TextInput
    allowFontScaling={true}
    placeholder="Find a character"
    rejectResponderTermination={true}
    style={
      Object {
        "flex": 1,
        "paddingLeft": 10,
      }
    }
    testID="search"
    underlineColorAndroid="transparent"
  />
</View>
`;
